aa sd
12   3a
a
